Classic Timing Analyzer report for SpectAnalyzer_top
Fri Jun 27 20:28:21 2025
Quartus II Version 9.0 Build 235 06/17/2009 Service Pack 2 SJ Web Edition


---------------------
; Table of Contents ;
---------------------
  1. Legal Notice
  2. Timing Analyzer Summary
  3. Timing Analyzer Settings
  4. Clock Settings Summary
  5. Parallel Compilation
  6. Clock Setup: 'clk'
  7. tsu
  8. tco
  9. th
 10. Timing Analyzer Messages



----------------
; Legal Notice ;
----------------
Copyright (C) 1991-2009 Altera Corporation
Your use of Altera Corporation's design tools, logic functions 
and other software and tools, and its AMPP partner logic 
functions, and any output files from any of the foregoing 
(including device programming or simulation files), and any 
associated documentation or information are expressly subject 
to the terms and conditions of the Altera Program License 
Subscription Agreement, Altera MegaCore Function License 
Agreement, or other applicable license agreement, including, 
without limitation, that your use is for the sole purpose of 
programming logic devices manufactured by Altera and sold by 
Altera or its authorized distributors.  Please refer to the 
applicable agreement for further details.



+---------------------------------------------------------------------------------------------------------------------------------------------------------------------------------------------------+
; Timing Analyzer Summary                                                                                                                                                                           ;
+------------------------------+-------+---------------+----------------------------------+---------------------------------+--------------------------------+------------+----------+--------------+
; Type                         ; Slack ; Required Time ; Actual Time                      ; From                            ; To                             ; From Clock ; To Clock ; Failed Paths ;
+------------------------------+-------+---------------+----------------------------------+---------------------------------+--------------------------------+------------+----------+--------------+
; Worst-case tsu               ; N/A   ; None          ; 7.050 ns                         ; adc_valid                       ; input_buffer:u_in|ram_dout[10] ; --         ; clk      ; 0            ;
; Worst-case tco               ; N/A   ; None          ; 7.924 ns                         ; output_buffer:u_out|dout_reg[3] ; dout[3]                        ; clk        ; --       ; 0            ;
; Worst-case th                ; N/A   ; None          ; -1.362 ns                        ; rst_n                           ; input_buffer:u_in|ram_addr[3]  ; --         ; clk      ; 0            ;
; Clock Setup: 'clk'           ; N/A   ; None          ; 31.42 MHz ( period = 31.823 ns ) ; mag_sqr_fft:u_fft|w_re[14]      ; mag_sqr_fft:u_fft|up_im[15]    ; clk        ; clk      ; 0            ;
; Total number of failed paths ;       ;               ;                                  ;                                 ;                                ;            ;          ; 0            ;
+------------------------------+-------+---------------+----------------------------------+---------------------------------+--------------------------------+------------+----------+--------------+


+--------------------------------------------------------------------------------------------------------------------+
; Timing Analyzer Settings                                                                                           ;
+---------------------------------------------------------------------+--------------------+------+----+-------------+
; Option                                                              ; Setting            ; From ; To ; Entity Name ;
+---------------------------------------------------------------------+--------------------+------+----+-------------+
; Device Name                                                         ; EP20K200EFC672-1   ;      ;    ;             ;
; Timing Models                                                       ; Final              ;      ;    ;             ;
; Default hold multicycle                                             ; Same as Multicycle ;      ;    ;             ;
; Cut paths between unrelated clock domains                           ; On                 ;      ;    ;             ;
; Cut off read during write signal paths                              ; On                 ;      ;    ;             ;
; Cut off feedback from I/O pins                                      ; On                 ;      ;    ;             ;
; Report Combined Fast/Slow Timing                                    ; Off                ;      ;    ;             ;
; Ignore Clock Settings                                               ; Off                ;      ;    ;             ;
; Analyze latches as synchronous elements                             ; On                 ;      ;    ;             ;
; Enable Recovery/Removal analysis                                    ; Off                ;      ;    ;             ;
; Enable Clock Latency                                                ; Off                ;      ;    ;             ;
; Use TimeQuest Timing Analyzer                                       ; Off                ;      ;    ;             ;
; Minimum Core Junction Temperature                                   ; 0                  ;      ;    ;             ;
; Maximum Core Junction Temperature                                   ; 85                 ;      ;    ;             ;
; Number of source nodes to report per destination node               ; 10                 ;      ;    ;             ;
; Number of destination nodes to report                               ; 10                 ;      ;    ;             ;
; Number of paths to report                                           ; 200                ;      ;    ;             ;
; Report Minimum Timing Checks                                        ; Off                ;      ;    ;             ;
; Use Fast Timing Models                                              ; Off                ;      ;    ;             ;
; Report IO Paths Separately                                          ; Off                ;      ;    ;             ;
; Perform Multicorner Analysis                                        ; Off                ;      ;    ;             ;
; Reports the worst-case path for each clock domain and analysis      ; Off                ;      ;    ;             ;
; Removes common clock path pessimism (CCPP) during slack computation ; Off                ;      ;    ;             ;
; Output I/O Timing Endpoint                                          ; Near End           ;      ;    ;             ;
+---------------------------------------------------------------------+--------------------+------+----+-------------+


+------------------------------------------------------------------------------------------------------------------------------------------------------------------------------------+
; Clock Settings Summary                                                                                                                                                             ;
+-----------------+--------------------+----------+------------------+---------------+--------------+----------+-----------------------+---------------------+--------+--------------+
; Clock Node Name ; Clock Setting Name ; Type     ; Fmax Requirement ; Early Latency ; Late Latency ; Based on ; Multiply Base Fmax by ; Divide Base Fmax by ; Offset ; Phase offset ;
+-----------------+--------------------+----------+------------------+---------------+--------------+----------+-----------------------+---------------------+--------+--------------+
; clk             ;                    ; User Pin ; None             ; 0.000 ns      ; 0.000 ns     ; --       ; N/A                   ; N/A                 ; N/A    ;              ;
+-----------------+--------------------+----------+------------------+---------------+--------------+----------+-----------------------+---------------------+--------+--------------+


Parallel compilation was disabled, but you have multiple processors available. Enable parallel compilation to reduce compilation time.
+-------------------------------------+
; Parallel Compilation                ;
+----------------------------+--------+
; Processors                 ; Number ;
+----------------------------+--------+
; Number detected on machine ; 14     ;
; Maximum allowed            ; 1      ;
+----------------------------+--------+


+----------------------------------------------------------------------------------------------------------------------------------------------------------------------------------------------------------------------------------------------------------------------+
; Clock Setup: 'clk'                                                                                                                                                                                                                                                   ;
+-----------------------------------------+-----------------------------------------------------+----------------------------+-----------------------------+------------+----------+-----------------------------+---------------------------+-------------------------+
; Slack                                   ; Actual fmax (period)                                ; From                       ; To                          ; From Clock ; To Clock ; Required Setup Relationship ; Required Longest P2P Time ; Actual Longest P2P Time ;
+-----------------------------------------+-----------------------------------------------------+----------------------------+-----------------------------+------------+----------+-----------------------------+---------------------------+-------------------------+
; N/A                                     ; 31.42 MHz ( period = 31.823 ns )                    ; mag_sqr_fft:u_fft|w_re[14] ; mag_sqr_fft:u_fft|up_im[15] ; clk        ; clk      ; None                        ; None                      ; 31.364 ns               ;
; N/A                                     ; 31.45 MHz ( period = 31.796 ns )                    ; mag_sqr_fft:u_fft|w_im[13] ; mag_sqr_fft:u_fft|up_re[12] ; clk        ; clk      ; None                        ; None                      ; 31.337 ns               ;
; N/A                                     ; 31.49 MHz ( period = 31.758 ns )                    ; mag_sqr_fft:u_fft|w_re[14] ; mag_sqr_fft:u_fft|up_im[14] ; clk        ; clk      ; None                        ; None                      ; 31.299 ns               ;
; N/A                                     ; 31.53 MHz ( period = 31.715 ns )                    ; mag_sqr_fft:u_fft|w_im[13] ; mag_sqr_fft:u_fft|up_re[7]  ; clk        ; clk      ; None                        ; None                      ; 31.256 ns               ;
; N/A                                     ; 31.58 MHz ( period = 31.661 ns )                    ; mag_sqr_fft:u_fft|w_im[13] ; mag_sqr_fft:u_fft|up_re[11] ; clk        ; clk      ; None                        ; None                      ; 31.202 ns               ;
; N/A                                     ; 31.59 MHz ( period = 31.657 ns )                    ; mag_sqr_fft:u_fft|w_re[14] ; mag_sqr_fft:u_fft|up_im[13] ; clk        ; clk      ; None                        ; None                      ; 31.198 ns               ;
; N/A                                     ; 31.59 MHz ( period = 31.656 ns )                    ; mag_sqr_fft:u_fft|w_re[1]  ; mag_sqr_fft:u_fft|up_im[15] ; clk        ; clk      ; None                        ; None                      ; 31.197 ns               ;
; N/A                                     ; 31.64 MHz ( period = 31.604 ns )                    ; mag_sqr_fft:u_fft|w_im[13] ; mag_sqr_fft:u_fft|up_re[6]  ; clk        ; clk      ; None                        ; None                      ; 31.145 ns               ;
; N/A                                     ; 31.65 MHz ( period = 31.599 ns )                    ; mag_sqr_fft:u_fft|w_re[14] ; mag_sqr_fft:u_fft|up_im[11] ; clk        ; clk      ; None                        ; None                      ; 31.140 ns               ;
; N/A                                     ; 31.65 MHz ( period = 31.591 ns )                    ; mag_sqr_fft:u_fft|w_re[1]  ; mag_sqr_fft:u_fft|up_im[14] ; clk        ; clk      ; None                        ; None                      ; 31.132 ns               ;
; N/A                                     ; 31.66 MHz ( period = 31.586 ns )                    ; mag_sqr_fft:u_fft|w_im[13] ; mag_sqr_fft:u_fft|up_re[10] ; clk        ; clk      ; None                        ; None                      ; 31.127 ns               ;
; N/A                                     ; 31.67 MHz ( period = 31.571 ns )                    ; mag_sqr_fft:u_fft|w_im[13] ; mag_sqr_fft:u_fft|up_re[15] ; clk        ; clk      ; None                        ; None                      ; 31.112 ns               ;
; N/A                                     ; 31.68 MHz ( period = 31.563 ns )                    ; mag_sqr_fft:u_fft|w_im[13] ; mag_sqr_fft:u_fft|up_re[5]  ; clk        ; clk      ; None                        ; None                      ; 31.104 ns               ;
; N/A                                     ; 31.73 MHz ( period = 31.519 ns )                    ; mag_sqr_fft:u_fft|w_re[14] ; mag_sqr_fft:u_fft|up_im[12] ; clk        ; clk      ; None                        ; None                      ; 31.060 ns               ;
; N/A                                     ; 31.75 MHz ( period = 31.497 ns )                    ; mag_sqr_fft:u_fft|w_re[0]  ; mag_sqr_fft:u_fft|up_im[15] ; clk        ; clk      ; None                        ; None                      ; 31.038 ns               ;
; N/A                                     ; 31.76 MHz ( period = 31.490 ns )                    ; mag_sqr_fft:u_fft|w_re[1]  ; mag_sqr_fft:u_fft|up_im[13] ; clk        ; clk      ; None                        ; None                      ; 31.031 ns               ;
; N/A                                     ; 31.78 MHz ( period = 31.471 ns )                    ; mag_sqr_fft:u_fft|w_re[13] ; mag_sqr_fft:u_fft|up_im[15] ; clk        ; clk      ; None                        ; None                      ; 31.012 ns               ;
; N/A                                     ; 31.79 MHz ( period = 31.456 ns )                    ; mag_sqr_fft:u_fft|w_im[13] ; mag_sqr_fft:u_fft|up_re[14] ; clk        ; clk      ; None                        ; None                      ; 30.997 ns               ;
; N/A                                     ; 31.81 MHz ( period = 31.440 ns )                    ; mag_sqr_fft:u_fft|w_im[13] ; mag_sqr_fft:u_fft|up_re[9]  ; clk        ; clk      ; None                        ; None                      ; 30.981 ns               ;
; N/A                                     ; 31.81 MHz ( period = 31.432 ns )                    ; mag_sqr_fft:u_fft|w_re[1]  ; mag_sqr_fft:u_fft|up_im[11] ; clk        ; clk      ; None                        ; None                      ; 30.973 ns               ;
; N/A                                     ; 31.81 MHz ( period = 31.432 ns )                    ; mag_sqr_fft:u_fft|w_re[0]  ; mag_sqr_fft:u_fft|up_im[14] ; clk        ; clk      ; None                        ; None                      ; 30.973 ns               ;
; N/A                                     ; 31.84 MHz ( period = 31.406 ns )                    ; mag_sqr_fft:u_fft|w_re[13] ; mag_sqr_fft:u_fft|up_im[14] ; clk        ; clk      ; None                        ; None                      ; 30.947 ns               ;
; N/A                                     ; 31.88 MHz ( period = 31.365 ns )                    ; mag_sqr_fft:u_fft|w_im[13] ; mag_sqr_fft:u_fft|up_re[8]  ; clk        ; clk      ; None                        ; None                      ; 30.906 ns               ;
; N/A                                     ; 31.90 MHz ( period = 31.352 ns )                    ; mag_sqr_fft:u_fft|w_re[1]  ; mag_sqr_fft:u_fft|up_im[12] ; clk        ; clk      ; None                        ; None                      ; 30.893 ns               ;
; N/A                                     ; 31.92 MHz ( period = 31.331 ns )                    ; mag_sqr_fft:u_fft|w_re[0]  ; mag_sqr_fft:u_fft|up_im[13] ; clk        ; clk      ; None                        ; None                      ; 30.872 ns               ;
; N/A                                     ; 31.94 MHz ( period = 31.312 ns )                    ; mag_sqr_fft:u_fft|w_im[13] ; mag_sqr_fft:u_fft|up_re[4]  ; clk        ; clk      ; None                        ; None                      ; 30.853 ns               ;
; N/A                                     ; 31.94 MHz ( period = 31.309 ns )                    ; mag_sqr_fft:u_fft|w_re[14] ; mag_sqr_fft:u_fft|up_im[9]  ; clk        ; clk      ; None                        ; None                      ; 30.850 ns               ;
; N/A                                     ; 31.94 MHz ( period = 31.305 ns )                    ; mag_sqr_fft:u_fft|w_re[13] ; mag_sqr_fft:u_fft|up_im[13] ; clk        ; clk      ; None                        ; None                      ; 30.846 ns               ;
; N/A                                     ; 31.98 MHz ( period = 31.273 ns )                    ; mag_sqr_fft:u_fft|w_re[0]  ; mag_sqr_fft:u_fft|up_im[11] ; clk        ; clk      ; None                        ; None                      ; 30.814 ns               ;
; N/A                                     ; 32.00 MHz ( period = 31.247 ns )                    ; mag_sqr_fft:u_fft|w_re[13] ; mag_sqr_fft:u_fft|up_im[11] ; clk        ; clk      ; None                        ; None                      ; 30.788 ns               ;
; N/A                                     ; 32.02 MHz ( period = 31.227 ns )                    ; mag_sqr_fft:u_fft|w_re[14] ; mag_sqr_fft:u_fft|up_im[10] ; clk        ; clk      ; None                        ; None                      ; 30.768 ns               ;
; N/A                                     ; 32.06 MHz ( period = 31.193 ns )                    ; mag_sqr_fft:u_fft|w_re[0]  ; mag_sqr_fft:u_fft|up_im[12] ; clk        ; clk      ; None                        ; None                      ; 30.734 ns               ;
; N/A                                     ; 32.09 MHz ( period = 31.167 ns )                    ; mag_sqr_fft:u_fft|w_re[13] ; mag_sqr_fft:u_fft|up_im[12] ; clk        ; clk      ; None                        ; None                      ; 30.708 ns               ;
; N/A                                     ; 32.11 MHz ( period = 31.142 ns )                    ; mag_sqr_fft:u_fft|w_re[1]  ; mag_sqr_fft:u_fft|up_im[9]  ; clk        ; clk      ; None                        ; None                      ; 30.683 ns               ;
; N/A                                     ; 32.14 MHz ( period = 31.116 ns )                    ; mag_sqr_fft:u_fft|w_im[13] ; mag_sqr_fft:u_fft|up_im[15] ; clk        ; clk      ; None                        ; None                      ; 30.657 ns               ;
; N/A                                     ; 32.16 MHz ( period = 31.096 ns )                    ; mag_sqr_fft:u_fft|w_im[13] ; mag_sqr_fft:u_fft|up_re[2]  ; clk        ; clk      ; None                        ; None                      ; 30.637 ns               ;
; N/A                                     ; 32.20 MHz ( period = 31.060 ns )                    ; mag_sqr_fft:u_fft|w_re[1]  ; mag_sqr_fft:u_fft|up_im[10] ; clk        ; clk      ; None                        ; None                      ; 30.601 ns               ;
; N/A                                     ; 32.20 MHz ( period = 31.055 ns )                    ; mag_sqr_fft:u_fft|w_re[14] ; mag_sqr_fft:u_fft|up_im[8]  ; clk        ; clk      ; None                        ; None                      ; 30.596 ns               ;
; N/A                                     ; 32.21 MHz ( period = 31.051 ns )                    ; mag_sqr_fft:u_fft|w_im[13] ; mag_sqr_fft:u_fft|up_im[14] ; clk        ; clk      ; None                        ; None                      ; 30.592 ns               ;
; N/A                                     ; 32.28 MHz ( period = 30.983 ns )                    ; mag_sqr_fft:u_fft|w_re[0]  ; mag_sqr_fft:u_fft|up_im[9]  ; clk        ; clk      ; None                        ; None                      ; 30.524 ns               ;
; N/A                                     ; 32.30 MHz ( period = 30.957 ns )                    ; mag_sqr_fft:u_fft|w_re[13] ; mag_sqr_fft:u_fft|up_im[9]  ; clk        ; clk      ; None                        ; None                      ; 30.498 ns               ;
; N/A                                     ; 32.30 MHz ( period = 30.955 ns )                    ; mag_sqr_fft:u_fft|w_im[13] ; mag_sqr_fft:u_fft|up_re[13] ; clk        ; clk      ; None                        ; None                      ; 30.496 ns               ;
; N/A                                     ; 32.31 MHz ( period = 30.950 ns )                    ; mag_sqr_fft:u_fft|w_im[13] ; mag_sqr_fft:u_fft|up_im[13] ; clk        ; clk      ; None                        ; None                      ; 30.491 ns               ;
; N/A                                     ; 32.36 MHz ( period = 30.901 ns )                    ; mag_sqr_fft:u_fft|w_re[0]  ; mag_sqr_fft:u_fft|up_im[10] ; clk        ; clk      ; None                        ; None                      ; 30.442 ns               ;
; N/A                                     ; 32.37 MHz ( period = 30.892 ns )                    ; mag_sqr_fft:u_fft|w_im[13] ; mag_sqr_fft:u_fft|up_im[11] ; clk        ; clk      ; None                        ; None                      ; 30.433 ns               ;
; N/A                                     ; 32.38 MHz ( period = 30.888 ns )                    ; mag_sqr_fft:u_fft|w_re[1]  ; mag_sqr_fft:u_fft|up_im[8]  ; clk        ; clk      ; None                        ; None                      ; 30.429 ns               ;
; N/A                                     ; 32.39 MHz ( period = 30.875 ns )                    ; mag_sqr_fft:u_fft|w_re[13] ; mag_sqr_fft:u_fft|up_im[10] ; clk        ; clk      ; None                        ; None                      ; 30.416 ns               ;
; N/A                                     ; 32.39 MHz ( period = 30.870 ns )                    ; mag_sqr_fft:u_fft|w_re[13] ; mag_sqr_fft:u_fft|up_re[12] ; clk        ; clk      ; None                        ; None                      ; 30.411 ns               ;
; N/A                                     ; 32.45 MHz ( period = 30.812 ns )                    ; mag_sqr_fft:u_fft|w_im[13] ; mag_sqr_fft:u_fft|up_im[12] ; clk        ; clk      ; None                        ; None                      ; 30.353 ns               ;
; N/A                                     ; 32.48 MHz ( period = 30.789 ns )                    ; mag_sqr_fft:u_fft|w_re[13] ; mag_sqr_fft:u_fft|up_re[7]  ; clk        ; clk      ; None                        ; None                      ; 30.330 ns               ;
; N/A                                     ; 32.54 MHz ( period = 30.735 ns )                    ; mag_sqr_fft:u_fft|w_re[13] ; mag_sqr_fft:u_fft|up_re[11] ; clk        ; clk      ; None                        ; None                      ; 30.276 ns               ;
; N/A                                     ; 32.54 MHz ( period = 30.729 ns )                    ; mag_sqr_fft:u_fft|w_re[0]  ; mag_sqr_fft:u_fft|up_im[8]  ; clk        ; clk      ; None                        ; None                      ; 30.270 ns               ;
; N/A                                     ; 32.57 MHz ( period = 30.703 ns )                    ; mag_sqr_fft:u_fft|w_re[13] ; mag_sqr_fft:u_fft|up_im[8]  ; clk        ; clk      ; None                        ; None                      ; 30.244 ns               ;
; N/A                                     ; 32.60 MHz ( period = 30.678 ns )                    ; mag_sqr_fft:u_fft|w_re[13] ; mag_sqr_fft:u_fft|up_re[6]  ; clk        ; clk      ; None                        ; None                      ; 30.219 ns               ;
; N/A                                     ; 32.62 MHz ( period = 30.660 ns )                    ; mag_sqr_fft:u_fft|w_re[13] ; mag_sqr_fft:u_fft|up_re[10] ; clk        ; clk      ; None                        ; None                      ; 30.201 ns               ;
; N/A                                     ; 32.63 MHz ( period = 30.645 ns )                    ; mag_sqr_fft:u_fft|w_re[13] ; mag_sqr_fft:u_fft|up_re[15] ; clk        ; clk      ; None                        ; None                      ; 30.186 ns               ;
; N/A                                     ; 32.64 MHz ( period = 30.637 ns )                    ; mag_sqr_fft:u_fft|w_re[13] ; mag_sqr_fft:u_fft|up_re[5]  ; clk        ; clk      ; None                        ; None                      ; 30.178 ns               ;
; N/A                                     ; 32.68 MHz ( period = 30.602 ns )                    ; mag_sqr_fft:u_fft|w_im[13] ; mag_sqr_fft:u_fft|up_im[9]  ; clk        ; clk      ; None                        ; None                      ; 30.143 ns               ;
; N/A                                     ; 32.74 MHz ( period = 30.545 ns )                    ; mag_sqr_fft:u_fft|w_re[0]  ; mag_sqr_fft:u_fft|up_re[12] ; clk        ; clk      ; None                        ; None                      ; 30.086 ns               ;
; N/A                                     ; 32.75 MHz ( period = 30.530 ns )                    ; mag_sqr_fft:u_fft|w_re[13] ; mag_sqr_fft:u_fft|up_re[14] ; clk        ; clk      ; None                        ; None                      ; 30.071 ns               ;
; N/A                                     ; 32.77 MHz ( period = 30.520 ns )                    ; mag_sqr_fft:u_fft|w_im[13] ; mag_sqr_fft:u_fft|up_im[10] ; clk        ; clk      ; None                        ; None                      ; 30.061 ns               ;
; N/A                                     ; 32.77 MHz ( period = 30.514 ns )                    ; mag_sqr_fft:u_fft|w_re[13] ; mag_sqr_fft:u_fft|up_re[9]  ; clk        ; clk      ; None                        ; None                      ; 30.055 ns               ;
; N/A                                     ; 32.82 MHz ( period = 30.473 ns )                    ; mag_sqr_fft:u_fft|w_re[14] ; mag_sqr_fft:u_fft|up_im[6]  ; clk        ; clk      ; None                        ; None                      ; 30.014 ns               ;
; N/A                                     ; 32.83 MHz ( period = 30.464 ns )                    ; mag_sqr_fft:u_fft|w_re[0]  ; mag_sqr_fft:u_fft|up_re[7]  ; clk        ; clk      ; None                        ; None                      ; 30.005 ns               ;
; N/A                                     ; 32.85 MHz ( period = 30.439 ns )                    ; mag_sqr_fft:u_fft|w_re[13] ; mag_sqr_fft:u_fft|up_re[8]  ; clk        ; clk      ; None                        ; None                      ; 29.980 ns               ;
; N/A                                     ; 32.88 MHz ( period = 30.410 ns )                    ; mag_sqr_fft:u_fft|w_re[0]  ; mag_sqr_fft:u_fft|up_re[11] ; clk        ; clk      ; None                        ; None                      ; 29.951 ns               ;
; N/A                                     ; 32.91 MHz ( period = 30.387 ns )                    ; mag_sqr_fft:u_fft|w_re[1]  ; mag_sqr_fft:u_fft|up_re[12] ; clk        ; clk      ; None                        ; None                      ; 29.928 ns               ;
; N/A                                     ; 32.91 MHz ( period = 30.386 ns )                    ; mag_sqr_fft:u_fft|w_re[13] ; mag_sqr_fft:u_fft|up_re[4]  ; clk        ; clk      ; None                        ; None                      ; 29.927 ns               ;
; N/A                                     ; 32.95 MHz ( period = 30.353 ns )                    ; mag_sqr_fft:u_fft|w_re[0]  ; mag_sqr_fft:u_fft|up_re[6]  ; clk        ; clk      ; None                        ; None                      ; 29.894 ns               ;
; N/A                                     ; 32.95 MHz ( period = 30.348 ns )                    ; mag_sqr_fft:u_fft|w_im[13] ; mag_sqr_fft:u_fft|up_im[8]  ; clk        ; clk      ; None                        ; None                      ; 29.889 ns               ;
; N/A                                     ; 32.96 MHz ( period = 30.339 ns )                    ; mag_sqr_fft:u_fft|w_re[14] ; mag_sqr_fft:u_fft|up_im[5]  ; clk        ; clk      ; None                        ; None                      ; 29.880 ns               ;
; N/A                                     ; 32.97 MHz ( period = 30.335 ns )                    ; mag_sqr_fft:u_fft|w_re[0]  ; mag_sqr_fft:u_fft|up_re[10] ; clk        ; clk      ; None                        ; None                      ; 29.876 ns               ;
; N/A                                     ; 32.98 MHz ( period = 30.320 ns )                    ; mag_sqr_fft:u_fft|w_re[0]  ; mag_sqr_fft:u_fft|up_re[15] ; clk        ; clk      ; None                        ; None                      ; 29.861 ns               ;
; N/A                                     ; 32.99 MHz ( period = 30.312 ns )                    ; mag_sqr_fft:u_fft|w_re[0]  ; mag_sqr_fft:u_fft|up_re[5]  ; clk        ; clk      ; None                        ; None                      ; 29.853 ns               ;
; N/A                                     ; 33.00 MHz ( period = 30.306 ns )                    ; mag_sqr_fft:u_fft|w_re[1]  ; mag_sqr_fft:u_fft|up_im[6]  ; clk        ; clk      ; None                        ; None                      ; 29.847 ns               ;
; N/A                                     ; 33.00 MHz ( period = 30.306 ns )                    ; mag_sqr_fft:u_fft|w_re[1]  ; mag_sqr_fft:u_fft|up_re[7]  ; clk        ; clk      ; None                        ; None                      ; 29.847 ns               ;
; N/A                                     ; 33.04 MHz ( period = 30.262 ns )                    ; mag_sqr_fft:u_fft|w_re[13] ; mag_sqr_fft:u_fft|up_re[2]  ; clk        ; clk      ; None                        ; None                      ; 29.803 ns               ;
; N/A                                     ; 33.06 MHz ( period = 30.252 ns )                    ; mag_sqr_fft:u_fft|w_re[1]  ; mag_sqr_fft:u_fft|up_re[11] ; clk        ; clk      ; None                        ; None                      ; 29.793 ns               ;
; N/A                                     ; 33.11 MHz ( period = 30.205 ns )                    ; mag_sqr_fft:u_fft|w_re[0]  ; mag_sqr_fft:u_fft|up_re[14] ; clk        ; clk      ; None                        ; None                      ; 29.746 ns               ;
; N/A                                     ; 33.12 MHz ( period = 30.195 ns )                    ; mag_sqr_fft:u_fft|w_re[1]  ; mag_sqr_fft:u_fft|up_re[6]  ; clk        ; clk      ; None                        ; None                      ; 29.736 ns               ;
; N/A                                     ; 33.12 MHz ( period = 30.189 ns )                    ; mag_sqr_fft:u_fft|w_re[0]  ; mag_sqr_fft:u_fft|up_re[9]  ; clk        ; clk      ; None                        ; None                      ; 29.730 ns               ;
; N/A                                     ; 33.14 MHz ( period = 30.177 ns )                    ; mag_sqr_fft:u_fft|w_re[1]  ; mag_sqr_fft:u_fft|up_re[10] ; clk        ; clk      ; None                        ; None                      ; 29.718 ns               ;
; N/A                                     ; 33.14 MHz ( period = 30.172 ns )                    ; mag_sqr_fft:u_fft|w_re[1]  ; mag_sqr_fft:u_fft|up_im[5]  ; clk        ; clk      ; None                        ; None                      ; 29.713 ns               ;
; N/A                                     ; 33.15 MHz ( period = 30.162 ns )                    ; mag_sqr_fft:u_fft|w_re[1]  ; mag_sqr_fft:u_fft|up_re[15] ; clk        ; clk      ; None                        ; None                      ; 29.703 ns               ;
; N/A                                     ; 33.16 MHz ( period = 30.154 ns )                    ; mag_sqr_fft:u_fft|w_re[1]  ; mag_sqr_fft:u_fft|up_re[5]  ; clk        ; clk      ; None                        ; None                      ; 29.695 ns               ;
; N/A                                     ; 33.17 MHz ( period = 30.147 ns )                    ; mag_sqr_fft:u_fft|w_re[0]  ; mag_sqr_fft:u_fft|up_im[6]  ; clk        ; clk      ; None                        ; None                      ; 29.688 ns               ;
; N/A                                     ; 33.18 MHz ( period = 30.142 ns )                    ; mag_sqr_fft:u_fft|w_re[14] ; mag_sqr_fft:u_fft|up_re[12] ; clk        ; clk      ; None                        ; None                      ; 29.683 ns               ;
; N/A                                     ; 33.20 MHz ( period = 30.121 ns )                    ; mag_sqr_fft:u_fft|w_re[13] ; mag_sqr_fft:u_fft|up_im[6]  ; clk        ; clk      ; None                        ; None                      ; 29.662 ns               ;
; N/A                                     ; 33.21 MHz ( period = 30.114 ns )                    ; mag_sqr_fft:u_fft|w_re[0]  ; mag_sqr_fft:u_fft|up_re[8]  ; clk        ; clk      ; None                        ; None                      ; 29.655 ns               ;
; N/A                                     ; 33.22 MHz ( period = 30.104 ns )                    ; mag_sqr_fft:u_fft|w_re[14] ; mag_sqr_fft:u_fft|up_im[4]  ; clk        ; clk      ; None                        ; None                      ; 29.645 ns               ;
; N/A                                     ; 33.23 MHz ( period = 30.095 ns )                    ; mag_sqr_fft:u_fft|b_re[6]  ; mag_sqr_fft:u_fft|up_re[12] ; clk        ; clk      ; None                        ; None                      ; 29.636 ns               ;
; N/A                                     ; 33.26 MHz ( period = 30.063 ns )                    ; mag_sqr_fft:u_fft|w_re[14] ; mag_sqr_fft:u_fft|up_im[3]  ; clk        ; clk      ; None                        ; None                      ; 29.604 ns               ;
; N/A                                     ; 33.27 MHz ( period = 30.061 ns )                    ; mag_sqr_fft:u_fft|w_re[0]  ; mag_sqr_fft:u_fft|up_re[4]  ; clk        ; clk      ; None                        ; None                      ; 29.602 ns               ;
; N/A                                     ; 33.27 MHz ( period = 30.061 ns )                    ; mag_sqr_fft:u_fft|w_re[14] ; mag_sqr_fft:u_fft|up_re[7]  ; clk        ; clk      ; None                        ; None                      ; 29.602 ns               ;
; N/A                                     ; 33.28 MHz ( period = 30.047 ns )                    ; mag_sqr_fft:u_fft|w_re[1]  ; mag_sqr_fft:u_fft|up_re[14] ; clk        ; clk      ; None                        ; None                      ; 29.588 ns               ;
; N/A                                     ; 33.30 MHz ( period = 30.031 ns )                    ; mag_sqr_fft:u_fft|w_re[1]  ; mag_sqr_fft:u_fft|up_re[9]  ; clk        ; clk      ; None                        ; None                      ; 29.572 ns               ;
; N/A                                     ; 33.30 MHz ( period = 30.029 ns )                    ; mag_sqr_fft:u_fft|w_re[13] ; mag_sqr_fft:u_fft|up_re[13] ; clk        ; clk      ; None                        ; None                      ; 29.570 ns               ;
; N/A                                     ; 33.32 MHz ( period = 30.014 ns )                    ; mag_sqr_fft:u_fft|w_im[13] ; mag_sqr_fft:u_fft|up_re[0]  ; clk        ; clk      ; None                        ; None                      ; 29.555 ns               ;
; N/A                                     ; 33.32 MHz ( period = 30.014 ns )                    ; mag_sqr_fft:u_fft|b_re[6]  ; mag_sqr_fft:u_fft|up_re[7]  ; clk        ; clk      ; None                        ; None                      ; 29.555 ns               ;
; N/A                                     ; 33.32 MHz ( period = 30.013 ns )                    ; mag_sqr_fft:u_fft|w_re[0]  ; mag_sqr_fft:u_fft|up_im[5]  ; clk        ; clk      ; None                        ; None                      ; 29.554 ns               ;
; N/A                                     ; 33.33 MHz ( period = 30.007 ns )                    ; mag_sqr_fft:u_fft|w_re[14] ; mag_sqr_fft:u_fft|up_re[11] ; clk        ; clk      ; None                        ; None                      ; 29.548 ns               ;
; N/A                                     ; 33.35 MHz ( period = 29.987 ns )                    ; mag_sqr_fft:u_fft|w_re[13] ; mag_sqr_fft:u_fft|up_im[5]  ; clk        ; clk      ; None                        ; None                      ; 29.528 ns               ;
; N/A                                     ; 33.38 MHz ( period = 29.960 ns )                    ; mag_sqr_fft:u_fft|b_re[6]  ; mag_sqr_fft:u_fft|up_re[11] ; clk        ; clk      ; None                        ; None                      ; 29.501 ns               ;
; N/A                                     ; 33.38 MHz ( period = 29.956 ns )                    ; mag_sqr_fft:u_fft|w_re[1]  ; mag_sqr_fft:u_fft|up_re[8]  ; clk        ; clk      ; None                        ; None                      ; 29.497 ns               ;
; N/A                                     ; 33.39 MHz ( period = 29.950 ns )                    ; mag_sqr_fft:u_fft|w_re[14] ; mag_sqr_fft:u_fft|up_re[6]  ; clk        ; clk      ; None                        ; None                      ; 29.491 ns               ;
; N/A                                     ; 33.40 MHz ( period = 29.942 ns )                    ; mag_sqr_fft:u_fft|w_im[13] ; mag_sqr_fft:u_fft|up_re[1]  ; clk        ; clk      ; None                        ; None                      ; 29.483 ns               ;
; N/A                                     ; 33.40 MHz ( period = 29.937 ns )                    ; mag_sqr_fft:u_fft|w_re[0]  ; mag_sqr_fft:u_fft|up_re[2]  ; clk        ; clk      ; None                        ; None                      ; 29.478 ns               ;
; N/A                                     ; 33.40 MHz ( period = 29.937 ns )                    ; mag_sqr_fft:u_fft|w_re[1]  ; mag_sqr_fft:u_fft|up_im[4]  ; clk        ; clk      ; None                        ; None                      ; 29.478 ns               ;
; N/A                                     ; 33.41 MHz ( period = 29.932 ns )                    ; mag_sqr_fft:u_fft|w_re[14] ; mag_sqr_fft:u_fft|up_re[10] ; clk        ; clk      ; None                        ; None                      ; 29.473 ns               ;
; N/A                                     ; 33.43 MHz ( period = 29.917 ns )                    ; mag_sqr_fft:u_fft|w_re[14] ; mag_sqr_fft:u_fft|up_re[15] ; clk        ; clk      ; None                        ; None                      ; 29.458 ns               ;
; N/A                                     ; 33.43 MHz ( period = 29.915 ns )                    ; mag_sqr_fft:u_fft|b_re[13] ; mag_sqr_fft:u_fft|up_re[12] ; clk        ; clk      ; None                        ; None                      ; 29.456 ns               ;
; N/A                                     ; 33.43 MHz ( period = 29.909 ns )                    ; mag_sqr_fft:u_fft|w_re[14] ; mag_sqr_fft:u_fft|up_re[5]  ; clk        ; clk      ; None                        ; None                      ; 29.450 ns               ;
; N/A                                     ; 33.44 MHz ( period = 29.903 ns )                    ; mag_sqr_fft:u_fft|w_re[1]  ; mag_sqr_fft:u_fft|up_re[4]  ; clk        ; clk      ; None                        ; None                      ; 29.444 ns               ;
; N/A                                     ; 33.44 MHz ( period = 29.903 ns )                    ; mag_sqr_fft:u_fft|b_re[6]  ; mag_sqr_fft:u_fft|up_re[6]  ; clk        ; clk      ; None                        ; None                      ; 29.444 ns               ;
; N/A                                     ; 33.45 MHz ( period = 29.896 ns )                    ; mag_sqr_fft:u_fft|w_re[1]  ; mag_sqr_fft:u_fft|up_im[3]  ; clk        ; clk      ; None                        ; None                      ; 29.437 ns               ;
; N/A                                     ; 33.46 MHz ( period = 29.885 ns )                    ; mag_sqr_fft:u_fft|b_re[6]  ; mag_sqr_fft:u_fft|up_re[10] ; clk        ; clk      ; None                        ; None                      ; 29.426 ns               ;
; N/A                                     ; 33.48 MHz ( period = 29.870 ns )                    ; mag_sqr_fft:u_fft|b_re[6]  ; mag_sqr_fft:u_fft|up_re[15] ; clk        ; clk      ; None                        ; None                      ; 29.411 ns               ;
; N/A                                     ; 33.49 MHz ( period = 29.862 ns )                    ; mag_sqr_fft:u_fft|b_re[6]  ; mag_sqr_fft:u_fft|up_re[5]  ; clk        ; clk      ; None                        ; None                      ; 29.403 ns               ;
; N/A                                     ; 33.52 MHz ( period = 29.834 ns )                    ; mag_sqr_fft:u_fft|b_re[13] ; mag_sqr_fft:u_fft|up_re[7]  ; clk        ; clk      ; None                        ; None                      ; 29.375 ns               ;
; N/A                                     ; 33.55 MHz ( period = 29.802 ns )                    ; mag_sqr_fft:u_fft|w_re[14] ; mag_sqr_fft:u_fft|up_re[14] ; clk        ; clk      ; None                        ; None                      ; 29.343 ns               ;
; N/A                                     ; 33.57 MHz ( period = 29.786 ns )                    ; mag_sqr_fft:u_fft|w_re[14] ; mag_sqr_fft:u_fft|up_re[9]  ; clk        ; clk      ; None                        ; None                      ; 29.327 ns               ;
; N/A                                     ; 33.58 MHz ( period = 29.780 ns )                    ; mag_sqr_fft:u_fft|b_re[13] ; mag_sqr_fft:u_fft|up_re[11] ; clk        ; clk      ; None                        ; None                      ; 29.321 ns               ;
; N/A                                     ; 33.58 MHz ( period = 29.779 ns )                    ; mag_sqr_fft:u_fft|w_re[1]  ; mag_sqr_fft:u_fft|up_re[2]  ; clk        ; clk      ; None                        ; None                      ; 29.320 ns               ;
; N/A                                     ; 33.58 MHz ( period = 29.778 ns )                    ; mag_sqr_fft:u_fft|w_re[0]  ; mag_sqr_fft:u_fft|up_im[4]  ; clk        ; clk      ; None                        ; None                      ; 29.319 ns               ;
; N/A                                     ; 33.60 MHz ( period = 29.766 ns )                    ; mag_sqr_fft:u_fft|w_im[13] ; mag_sqr_fft:u_fft|up_im[6]  ; clk        ; clk      ; None                        ; None                      ; 29.307 ns               ;
; N/A                                     ; 33.61 MHz ( period = 29.755 ns )                    ; mag_sqr_fft:u_fft|b_re[6]  ; mag_sqr_fft:u_fft|up_re[14] ; clk        ; clk      ; None                        ; None                      ; 29.296 ns               ;
; N/A                                     ; 33.61 MHz ( period = 29.752 ns )                    ; mag_sqr_fft:u_fft|w_re[13] ; mag_sqr_fft:u_fft|up_im[4]  ; clk        ; clk      ; None                        ; None                      ; 29.293 ns               ;
; N/A                                     ; 33.63 MHz ( period = 29.739 ns )                    ; mag_sqr_fft:u_fft|b_re[6]  ; mag_sqr_fft:u_fft|up_re[9]  ; clk        ; clk      ; None                        ; None                      ; 29.280 ns               ;
; N/A                                     ; 33.63 MHz ( period = 29.737 ns )                    ; mag_sqr_fft:u_fft|w_re[0]  ; mag_sqr_fft:u_fft|up_im[3]  ; clk        ; clk      ; None                        ; None                      ; 29.278 ns               ;
; N/A                                     ; 33.64 MHz ( period = 29.723 ns )                    ; mag_sqr_fft:u_fft|b_re[13] ; mag_sqr_fft:u_fft|up_re[6]  ; clk        ; clk      ; None                        ; None                      ; 29.264 ns               ;
; N/A                                     ; 33.66 MHz ( period = 29.711 ns )                    ; mag_sqr_fft:u_fft|w_re[13] ; mag_sqr_fft:u_fft|up_im[3]  ; clk        ; clk      ; None                        ; None                      ; 29.252 ns               ;
; N/A                                     ; 33.66 MHz ( period = 29.711 ns )                    ; mag_sqr_fft:u_fft|w_re[14] ; mag_sqr_fft:u_fft|up_re[8]  ; clk        ; clk      ; None                        ; None                      ; 29.252 ns               ;
; N/A                                     ; 33.66 MHz ( period = 29.705 ns )                    ; mag_sqr_fft:u_fft|b_re[13] ; mag_sqr_fft:u_fft|up_re[10] ; clk        ; clk      ; None                        ; None                      ; 29.246 ns               ;
; N/A                                     ; 33.67 MHz ( period = 29.704 ns )                    ; mag_sqr_fft:u_fft|w_re[0]  ; mag_sqr_fft:u_fft|up_re[13] ; clk        ; clk      ; None                        ; None                      ; 29.245 ns               ;
; N/A                                     ; 33.68 MHz ( period = 29.690 ns )                    ; mag_sqr_fft:u_fft|b_re[13] ; mag_sqr_fft:u_fft|up_re[15] ; clk        ; clk      ; None                        ; None                      ; 29.231 ns               ;
; N/A                                     ; 33.69 MHz ( period = 29.682 ns )                    ; mag_sqr_fft:u_fft|b_re[13] ; mag_sqr_fft:u_fft|up_re[5]  ; clk        ; clk      ; None                        ; None                      ; 29.223 ns               ;
; N/A                                     ; 33.71 MHz ( period = 29.667 ns )                    ; mag_sqr_fft:u_fft|b_re[7]  ; mag_sqr_fft:u_fft|up_re[12] ; clk        ; clk      ; None                        ; None                      ; 29.208 ns               ;
; N/A                                     ; 33.71 MHz ( period = 29.664 ns )                    ; mag_sqr_fft:u_fft|b_re[6]  ; mag_sqr_fft:u_fft|up_re[8]  ; clk        ; clk      ; None                        ; None                      ; 29.205 ns               ;
; N/A                                     ; 33.72 MHz ( period = 29.658 ns )                    ; mag_sqr_fft:u_fft|w_re[14] ; mag_sqr_fft:u_fft|up_re[4]  ; clk        ; clk      ; None                        ; None                      ; 29.199 ns               ;
; N/A                                     ; 33.75 MHz ( period = 29.632 ns )                    ; mag_sqr_fft:u_fft|w_im[13] ; mag_sqr_fft:u_fft|up_im[5]  ; clk        ; clk      ; None                        ; None                      ; 29.173 ns               ;
; N/A                                     ; 33.77 MHz ( period = 29.611 ns )                    ; mag_sqr_fft:u_fft|b_re[6]  ; mag_sqr_fft:u_fft|up_re[4]  ; clk        ; clk      ; None                        ; None                      ; 29.152 ns               ;
; N/A                                     ; 33.79 MHz ( period = 29.594 ns )                    ; mag_sqr_fft:u_fft|w_re[13] ; mag_sqr_fft:u_fft|up_re[0]  ; clk        ; clk      ; None                        ; None                      ; 29.135 ns               ;
; N/A                                     ; 33.80 MHz ( period = 29.586 ns )                    ; mag_sqr_fft:u_fft|b_re[7]  ; mag_sqr_fft:u_fft|up_re[7]  ; clk        ; clk      ; None                        ; None                      ; 29.127 ns               ;
; N/A                                     ; 33.81 MHz ( period = 29.575 ns )                    ; mag_sqr_fft:u_fft|b_re[13] ; mag_sqr_fft:u_fft|up_re[14] ; clk        ; clk      ; None                        ; None                      ; 29.116 ns               ;
; N/A                                     ; 33.83 MHz ( period = 29.559 ns )                    ; mag_sqr_fft:u_fft|b_re[13] ; mag_sqr_fft:u_fft|up_re[9]  ; clk        ; clk      ; None                        ; None                      ; 29.100 ns               ;
; N/A                                     ; 33.85 MHz ( period = 29.546 ns )                    ; mag_sqr_fft:u_fft|w_re[1]  ; mag_sqr_fft:u_fft|up_re[13] ; clk        ; clk      ; None                        ; None                      ; 29.087 ns               ;
; N/A                                     ; 33.86 MHz ( period = 29.534 ns )                    ; mag_sqr_fft:u_fft|w_re[14] ; mag_sqr_fft:u_fft|up_re[2]  ; clk        ; clk      ; None                        ; None                      ; 29.075 ns               ;
; N/A                                     ; 33.86 MHz ( period = 29.532 ns )                    ; mag_sqr_fft:u_fft|b_re[7]  ; mag_sqr_fft:u_fft|up_re[11] ; clk        ; clk      ; None                        ; None                      ; 29.073 ns               ;
; N/A                                     ; 33.91 MHz ( period = 29.487 ns )                    ; mag_sqr_fft:u_fft|b_re[6]  ; mag_sqr_fft:u_fft|up_re[2]  ; clk        ; clk      ; None                        ; None                      ; 29.028 ns               ;
; N/A                                     ; 33.92 MHz ( period = 29.484 ns )                    ; mag_sqr_fft:u_fft|b_re[13] ; mag_sqr_fft:u_fft|up_re[8]  ; clk        ; clk      ; None                        ; None                      ; 29.025 ns               ;
; N/A                                     ; 33.93 MHz ( period = 29.475 ns )                    ; mag_sqr_fft:u_fft|b_re[7]  ; mag_sqr_fft:u_fft|up_re[6]  ; clk        ; clk      ; None                        ; None                      ; 29.016 ns               ;
; N/A                                     ; 33.95 MHz ( period = 29.457 ns )                    ; mag_sqr_fft:u_fft|b_re[7]  ; mag_sqr_fft:u_fft|up_re[10] ; clk        ; clk      ; None                        ; None                      ; 28.998 ns               ;
; N/A                                     ; 33.97 MHz ( period = 29.442 ns )                    ; mag_sqr_fft:u_fft|b_re[7]  ; mag_sqr_fft:u_fft|up_re[15] ; clk        ; clk      ; None                        ; None                      ; 28.983 ns               ;
; N/A                                     ; 33.97 MHz ( period = 29.434 ns )                    ; mag_sqr_fft:u_fft|b_re[7]  ; mag_sqr_fft:u_fft|up_re[5]  ; clk        ; clk      ; None                        ; None                      ; 28.975 ns               ;
; N/A                                     ; 33.98 MHz ( period = 29.431 ns )                    ; mag_sqr_fft:u_fft|b_re[13] ; mag_sqr_fft:u_fft|up_re[4]  ; clk        ; clk      ; None                        ; None                      ; 28.972 ns               ;
; N/A                                     ; 33.98 MHz ( period = 29.425 ns )                    ; mag_sqr_fft:u_fft|w_re[14] ; mag_sqr_fft:u_fft|up_im[7]  ; clk        ; clk      ; None                        ; None                      ; 28.966 ns               ;
; N/A                                     ; 34.05 MHz ( period = 29.371 ns )                    ; mag_sqr_fft:u_fft|w_im[13] ; mag_sqr_fft:u_fft|up_re[3]  ; clk        ; clk      ; None                        ; None                      ; 28.912 ns               ;
; N/A                                     ; 34.10 MHz ( period = 29.327 ns )                    ; mag_sqr_fft:u_fft|b_re[7]  ; mag_sqr_fft:u_fft|up_re[14] ; clk        ; clk      ; None                        ; None                      ; 28.868 ns               ;
; N/A                                     ; 34.12 MHz ( period = 29.311 ns )                    ; mag_sqr_fft:u_fft|b_re[7]  ; mag_sqr_fft:u_fft|up_re[9]  ; clk        ; clk      ; None                        ; None                      ; 28.852 ns               ;
; N/A                                     ; 34.12 MHz ( period = 29.307 ns )                    ; mag_sqr_fft:u_fft|b_re[13] ; mag_sqr_fft:u_fft|up_re[2]  ; clk        ; clk      ; None                        ; None                      ; 28.848 ns               ;
; N/A                                     ; 34.13 MHz ( period = 29.304 ns )                    ; mag_sqr_fft:u_fft|b_re[4]  ; mag_sqr_fft:u_fft|up_re[12] ; clk        ; clk      ; None                        ; None                      ; 28.845 ns               ;
; N/A                                     ; 34.13 MHz ( period = 29.301 ns )                    ; mag_sqr_fft:u_fft|w_re[14] ; mag_sqr_fft:u_fft|up_re[13] ; clk        ; clk      ; None                        ; None                      ; 28.842 ns               ;
; N/A                                     ; 34.17 MHz ( period = 29.269 ns )                    ; mag_sqr_fft:u_fft|w_re[0]  ; mag_sqr_fft:u_fft|up_re[0]  ; clk        ; clk      ; None                        ; None                      ; 28.810 ns               ;
; N/A                                     ; 34.18 MHz ( period = 29.258 ns )                    ; mag_sqr_fft:u_fft|w_re[1]  ; mag_sqr_fft:u_fft|up_im[7]  ; clk        ; clk      ; None                        ; None                      ; 28.799 ns               ;
; N/A                                     ; 34.18 MHz ( period = 29.254 ns )                    ; mag_sqr_fft:u_fft|b_re[6]  ; mag_sqr_fft:u_fft|up_re[13] ; clk        ; clk      ; None                        ; None                      ; 28.795 ns               ;
; N/A                                     ; 34.20 MHz ( period = 29.236 ns )                    ; mag_sqr_fft:u_fft|b_re[7]  ; mag_sqr_fft:u_fft|up_re[8]  ; clk        ; clk      ; None                        ; None                      ; 28.777 ns               ;
; N/A                                     ; 34.22 MHz ( period = 29.223 ns )                    ; mag_sqr_fft:u_fft|b_re[4]  ; mag_sqr_fft:u_fft|up_re[7]  ; clk        ; clk      ; None                        ; None                      ; 28.764 ns               ;
; N/A                                     ; 34.27 MHz ( period = 29.183 ns )                    ; mag_sqr_fft:u_fft|b_re[7]  ; mag_sqr_fft:u_fft|up_re[4]  ; clk        ; clk      ; None                        ; None                      ; 28.724 ns               ;
; N/A                                     ; 34.28 MHz ( period = 29.169 ns )                    ; mag_sqr_fft:u_fft|b_re[4]  ; mag_sqr_fft:u_fft|up_re[11] ; clk        ; clk      ; None                        ; None                      ; 28.710 ns               ;
; N/A                                     ; 34.33 MHz ( period = 29.130 ns )                    ; mag_sqr_fft:u_fft|w_re[13] ; mag_sqr_fft:u_fft|up_re[1]  ; clk        ; clk      ; None                        ; None                      ; 28.671 ns               ;
; N/A                                     ; 34.35 MHz ( period = 29.112 ns )                    ; mag_sqr_fft:u_fft|b_re[4]  ; mag_sqr_fft:u_fft|up_re[6]  ; clk        ; clk      ; None                        ; None                      ; 28.653 ns               ;
; N/A                                     ; 34.35 MHz ( period = 29.111 ns )                    ; mag_sqr_fft:u_fft|w_re[1]  ; mag_sqr_fft:u_fft|up_re[0]  ; clk        ; clk      ; None                        ; None                      ; 28.652 ns               ;
; N/A                                     ; 34.37 MHz ( period = 29.099 ns )                    ; mag_sqr_fft:u_fft|w_re[0]  ; mag_sqr_fft:u_fft|up_im[7]  ; clk        ; clk      ; None                        ; None                      ; 28.640 ns               ;
; N/A                                     ; 34.37 MHz ( period = 29.094 ns )                    ; mag_sqr_fft:u_fft|b_re[4]  ; mag_sqr_fft:u_fft|up_re[10] ; clk        ; clk      ; None                        ; None                      ; 28.635 ns               ;
; N/A                                     ; 34.39 MHz ( period = 29.079 ns )                    ; mag_sqr_fft:u_fft|b_re[4]  ; mag_sqr_fft:u_fft|up_re[15] ; clk        ; clk      ; None                        ; None                      ; 28.620 ns               ;
; N/A                                     ; 34.39 MHz ( period = 29.074 ns )                    ; mag_sqr_fft:u_fft|b_re[13] ; mag_sqr_fft:u_fft|up_re[13] ; clk        ; clk      ; None                        ; None                      ; 28.615 ns               ;
; N/A                                     ; 34.40 MHz ( period = 29.073 ns )                    ; mag_sqr_fft:u_fft|w_re[13] ; mag_sqr_fft:u_fft|up_im[7]  ; clk        ; clk      ; None                        ; None                      ; 28.614 ns               ;
; N/A                                     ; 34.40 MHz ( period = 29.071 ns )                    ; mag_sqr_fft:u_fft|b_re[4]  ; mag_sqr_fft:u_fft|up_re[5]  ; clk        ; clk      ; None                        ; None                      ; 28.612 ns               ;
; N/A                                     ; 34.41 MHz ( period = 29.059 ns )                    ; mag_sqr_fft:u_fft|b_re[7]  ; mag_sqr_fft:u_fft|up_re[2]  ; clk        ; clk      ; None                        ; None                      ; 28.600 ns               ;
; N/A                                     ; 34.53 MHz ( period = 28.964 ns )                    ; mag_sqr_fft:u_fft|b_re[4]  ; mag_sqr_fft:u_fft|up_re[14] ; clk        ; clk      ; None                        ; None                      ; 28.505 ns               ;
; N/A                                     ; 34.53 MHz ( period = 28.960 ns )                    ; mag_sqr_fft:u_fft|b_re[1]  ; mag_sqr_fft:u_fft|up_re[12] ; clk        ; clk      ; None                        ; None                      ; 28.501 ns               ;
; N/A                                     ; 34.54 MHz ( period = 28.948 ns )                    ; mag_sqr_fft:u_fft|b_re[4]  ; mag_sqr_fft:u_fft|up_re[9]  ; clk        ; clk      ; None                        ; None                      ; 28.489 ns               ;
; N/A                                     ; 34.57 MHz ( period = 28.926 ns )                    ; mag_sqr_fft:u_fft|w_im[15] ; mag_sqr_fft:u_fft|up_im[15] ; clk        ; clk      ; None                        ; None                      ; 28.467 ns               ;
; N/A                                     ; 34.63 MHz ( period = 28.879 ns )                    ; mag_sqr_fft:u_fft|b_re[1]  ; mag_sqr_fft:u_fft|up_re[7]  ; clk        ; clk      ; None                        ; None                      ; 28.420 ns               ;
; N/A                                     ; 34.63 MHz ( period = 28.873 ns )                    ; mag_sqr_fft:u_fft|b_re[4]  ; mag_sqr_fft:u_fft|up_re[8]  ; clk        ; clk      ; None                        ; None                      ; 28.414 ns               ;
; N/A                                     ; 34.64 MHz ( period = 28.866 ns )                    ; mag_sqr_fft:u_fft|w_re[14] ; mag_sqr_fft:u_fft|up_re[0]  ; clk        ; clk      ; None                        ; None                      ; 28.407 ns               ;
; N/A                                     ; 34.65 MHz ( period = 28.861 ns )                    ; mag_sqr_fft:u_fft|w_im[15] ; mag_sqr_fft:u_fft|up_im[14] ; clk        ; clk      ; None                        ; None                      ; 28.402 ns               ;
; N/A                                     ; 34.69 MHz ( period = 28.826 ns )                    ; mag_sqr_fft:u_fft|b_re[7]  ; mag_sqr_fft:u_fft|up_re[13] ; clk        ; clk      ; None                        ; None                      ; 28.367 ns               ;
; N/A                                     ; 34.69 MHz ( period = 28.825 ns )                    ; mag_sqr_fft:u_fft|b_re[1]  ; mag_sqr_fft:u_fft|up_re[11] ; clk        ; clk      ; None                        ; None                      ; 28.366 ns               ;
; N/A                                     ; 34.70 MHz ( period = 28.820 ns )                    ; mag_sqr_fft:u_fft|b_re[4]  ; mag_sqr_fft:u_fft|up_re[4]  ; clk        ; clk      ; None                        ; None                      ; 28.361 ns               ;
; N/A                                     ; 34.70 MHz ( period = 28.819 ns )                    ; mag_sqr_fft:u_fft|b_re[6]  ; mag_sqr_fft:u_fft|up_re[0]  ; clk        ; clk      ; None                        ; None                      ; 28.360 ns               ;
; N/A                                     ; 34.72 MHz ( period = 28.805 ns )                    ; mag_sqr_fft:u_fft|w_re[0]  ; mag_sqr_fft:u_fft|up_re[1]  ; clk        ; clk      ; None                        ; None                      ; 28.346 ns               ;
; N/A                                     ; 34.72 MHz ( period = 28.805 ns )                    ; mag_sqr_fft:u_fft|w_re[15] ; mag_sqr_fft:u_fft|up_re[12] ; clk        ; clk      ; None                        ; None                      ; 28.346 ns               ;
; N/A                                     ; 34.73 MHz ( period = 28.792 ns )                    ; mag_sqr_fft:u_fft|w_re[15] ; mag_sqr_fft:u_fft|up_im[15] ; clk        ; clk      ; None                        ; None                      ; 28.333 ns               ;
; N/A                                     ; 34.76 MHz ( period = 28.768 ns )                    ; mag_sqr_fft:u_fft|b_re[1]  ; mag_sqr_fft:u_fft|up_re[6]  ; clk        ; clk      ; None                        ; None                      ; 28.309 ns               ;
; N/A                                     ; 34.77 MHz ( period = 28.760 ns )                    ; mag_sqr_fft:u_fft|w_im[15] ; mag_sqr_fft:u_fft|up_im[13] ; clk        ; clk      ; None                        ; None                      ; 28.301 ns               ;
; N/A                                     ; 34.78 MHz ( period = 28.750 ns )                    ; mag_sqr_fft:u_fft|b_re[1]  ; mag_sqr_fft:u_fft|up_re[10] ; clk        ; clk      ; None                        ; None                      ; 28.291 ns               ;
; N/A                                     ; 34.80 MHz ( period = 28.736 ns )                    ; mag_sqr_fft:u_fft|b_re[14] ; mag_sqr_fft:u_fft|up_im[15] ; clk        ; clk      ; None                        ; None                      ; 28.277 ns               ;
; N/A                                     ; 34.80 MHz ( period = 28.735 ns )                    ; mag_sqr_fft:u_fft|b_re[1]  ; mag_sqr_fft:u_fft|up_re[15] ; clk        ; clk      ; None                        ; None                      ; 28.276 ns               ;
; N/A                                     ; 34.81 MHz ( period = 28.727 ns )                    ; mag_sqr_fft:u_fft|b_re[1]  ; mag_sqr_fft:u_fft|up_re[5]  ; clk        ; clk      ; None                        ; None                      ; 28.268 ns               ;
; Timing analysis restricted to 200 rows. ; To change the limit use Settings (Assignments menu) ;                            ;                             ;            ;          ;                             ;                           ;                         ;
+-----------------------------------------+-----------------------------------------------------+----------------------------+-----------------------------+------------+----------+-----------------------------+---------------------------+-------------------------+


+------------------------------------------------------------------------------------------------+
; tsu                                                                                            ;
+-------+--------------+------------+----------------+--------------------------------+----------+
; Slack ; Required tsu ; Actual tsu ; From           ; To                             ; To Clock ;
+-------+--------------+------------+----------------+--------------------------------+----------+
; N/A   ; None         ; 7.050 ns   ; adc_valid      ; input_buffer:u_in|ram_dout[10] ; clk      ;
; N/A   ; None         ; 7.049 ns   ; adc_valid      ; input_buffer:u_in|ram_dout[1]  ; clk      ;
; N/A   ; None         ; 7.049 ns   ; adc_valid      ; input_buffer:u_in|ram_dout[9]  ; clk      ;
; N/A   ; None         ; 6.868 ns   ; adc_valid      ; input_buffer:u_in|ram_dout[2]  ; clk      ;
; N/A   ; None         ; 6.818 ns   ; adc_valid      ; input_buffer:u_in|ram_dout[7]  ; clk      ;
; N/A   ; None         ; 6.033 ns   ; adc_valid      ; input_buffer:u_in|din_ready    ; clk      ;
; N/A   ; None         ; 6.032 ns   ; adc_valid      ; input_buffer:u_in|ram_dout[5]  ; clk      ;
; N/A   ; None         ; 6.032 ns   ; adc_valid      ; input_buffer:u_in|ram_dout[12] ; clk      ;
; N/A   ; None         ; 6.029 ns   ; adc_valid      ; input_buffer:u_in|ram_dout[0]  ; clk      ;
; N/A   ; None         ; 6.027 ns   ; adc_valid      ; input_buffer:u_in|ram_dout[3]  ; clk      ;
; N/A   ; None         ; 5.973 ns   ; adc_valid      ; input_buffer:u_in|ram_dout[8]  ; clk      ;
; N/A   ; None         ; 5.965 ns   ; adc_valid      ; input_buffer:u_in|ram_dout[6]  ; clk      ;
; N/A   ; None         ; 5.900 ns   ; adc_valid      ; input_buffer:u_in|ram_dout[4]  ; clk      ;
; N/A   ; None         ; 5.899 ns   ; adc_valid      ; input_buffer:u_in|ram_dout[13] ; clk      ;
; N/A   ; None         ; 5.898 ns   ; adc_valid      ; input_buffer:u_in|ram_dout[11] ; clk      ;
; N/A   ; None         ; 5.897 ns   ; adc_valid      ; input_buffer:u_in|ram_dout[14] ; clk      ;
; N/A   ; None         ; 5.820 ns   ; adc_valid      ; input_buffer:u_in|ram_dout[15] ; clk      ;
; N/A   ; None         ; 5.818 ns   ; adc_valid      ; input_buffer:u_in|ram_addr[1]  ; clk      ;
; N/A   ; None         ; 5.755 ns   ; adc_valid      ; input_buffer:u_in|ram_addr[0]  ; clk      ;
; N/A   ; None         ; 4.848 ns   ; adc_valid      ; input_buffer:u_in|ram_addr[2]  ; clk      ;
; N/A   ; None         ; 4.848 ns   ; adc_valid      ; input_buffer:u_in|ram_addr[3]  ; clk      ;
; N/A   ; None         ; 4.574 ns   ; adc_valid      ; input_buffer:u_in|wr_ptr[3]    ; clk      ;
; N/A   ; None         ; 4.574 ns   ; adc_valid      ; input_buffer:u_in|wr_ptr[2]    ; clk      ;
; N/A   ; None         ; 4.574 ns   ; adc_valid      ; input_buffer:u_in|wr_ptr[1]    ; clk      ;
; N/A   ; None         ; 4.574 ns   ; adc_valid      ; input_buffer:u_in|wr_ptr[0]    ; clk      ;
; N/A   ; None         ; 4.208 ns   ; adc_valid      ; input_buffer:u_in|st.WAIT_FFT  ; clk      ;
; N/A   ; None         ; 4.027 ns   ; rst_n          ; input_buffer:u_in|ram_dout[10] ; clk      ;
; N/A   ; None         ; 4.026 ns   ; rst_n          ; input_buffer:u_in|ram_dout[1]  ; clk      ;
; N/A   ; None         ; 4.026 ns   ; rst_n          ; input_buffer:u_in|ram_dout[9]  ; clk      ;
; N/A   ; None         ; 4.016 ns   ; adc_valid      ; input_buffer:u_in|st.IDLE      ; clk      ;
; N/A   ; None         ; 3.845 ns   ; rst_n          ; input_buffer:u_in|ram_dout[2]  ; clk      ;
; N/A   ; None         ; 3.795 ns   ; rst_n          ; input_buffer:u_in|ram_dout[7]  ; clk      ;
; N/A   ; None         ; 3.607 ns   ; adc_valid      ; input_buffer:u_in|ram_we       ; clk      ;
; N/A   ; None         ; 3.594 ns   ; adc_valid      ; input_buffer:u_in|start_fft    ; clk      ;
; N/A   ; None         ; 3.539 ns   ; adc_sample[14] ; input_buffer:u_in|ram_dout[14] ; clk      ;
; N/A   ; None         ; 3.507 ns   ; adc_sample[13] ; input_buffer:u_in|ram_dout[13] ; clk      ;
; N/A   ; None         ; 3.441 ns   ; adc_sample[4]  ; input_buffer:u_in|ram_dout[4]  ; clk      ;
; N/A   ; None         ; 3.433 ns   ; adc_sample[15] ; input_buffer:u_in|ram_dout[15] ; clk      ;
; N/A   ; None         ; 3.055 ns   ; adc_sample[8]  ; input_buffer:u_in|ram_dout[8]  ; clk      ;
; N/A   ; None         ; 3.023 ns   ; adc_sample[6]  ; input_buffer:u_in|ram_dout[6]  ; clk      ;
; N/A   ; None         ; 3.009 ns   ; rst_n          ; input_buffer:u_in|ram_dout[5]  ; clk      ;
; N/A   ; None         ; 3.009 ns   ; rst_n          ; input_buffer:u_in|ram_dout[12] ; clk      ;
; N/A   ; None         ; 3.006 ns   ; rst_n          ; input_buffer:u_in|ram_dout[0]  ; clk      ;
; N/A   ; None         ; 3.004 ns   ; rst_n          ; input_buffer:u_in|ram_dout[3]  ; clk      ;
; N/A   ; None         ; 2.950 ns   ; rst_n          ; input_buffer:u_in|ram_dout[8]  ; clk      ;
; N/A   ; None         ; 2.942 ns   ; rst_n          ; input_buffer:u_in|ram_dout[6]  ; clk      ;
; N/A   ; None         ; 2.877 ns   ; rst_n          ; input_buffer:u_in|ram_dout[4]  ; clk      ;
; N/A   ; None         ; 2.876 ns   ; rst_n          ; input_buffer:u_in|ram_dout[13] ; clk      ;
; N/A   ; None         ; 2.875 ns   ; rst_n          ; input_buffer:u_in|ram_dout[11] ; clk      ;
; N/A   ; None         ; 2.874 ns   ; rst_n          ; input_buffer:u_in|ram_dout[14] ; clk      ;
; N/A   ; None         ; 2.797 ns   ; rst_n          ; input_buffer:u_in|ram_dout[15] ; clk      ;
; N/A   ; None         ; 2.795 ns   ; rst_n          ; input_buffer:u_in|ram_addr[1]  ; clk      ;
; N/A   ; None         ; 2.732 ns   ; rst_n          ; input_buffer:u_in|ram_addr[0]  ; clk      ;
; N/A   ; None         ; 2.565 ns   ; adc_sample[11] ; input_buffer:u_in|ram_dout[11] ; clk      ;
; N/A   ; None         ; 2.562 ns   ; adc_sample[7]  ; input_buffer:u_in|ram_dout[7]  ; clk      ;
; N/A   ; None         ; 2.146 ns   ; adc_sample[10] ; input_buffer:u_in|ram_dout[10] ; clk      ;
; N/A   ; None         ; 2.145 ns   ; adc_sample[1]  ; input_buffer:u_in|ram_dout[1]  ; clk      ;
; N/A   ; None         ; 2.133 ns   ; adc_sample[9]  ; input_buffer:u_in|ram_dout[9]  ; clk      ;
; N/A   ; None         ; 2.127 ns   ; adc_sample[2]  ; input_buffer:u_in|ram_dout[2]  ; clk      ;
; N/A   ; None         ; 2.126 ns   ; adc_sample[12] ; input_buffer:u_in|ram_dout[12] ; clk      ;
; N/A   ; None         ; 2.116 ns   ; adc_sample[5]  ; input_buffer:u_in|ram_dout[5]  ; clk      ;
; N/A   ; None         ; 2.113 ns   ; adc_sample[0]  ; input_buffer:u_in|ram_dout[0]  ; clk      ;
; N/A   ; None         ; 2.111 ns   ; adc_sample[3]  ; input_buffer:u_in|ram_dout[3]  ; clk      ;
; N/A   ; None         ; 1.825 ns   ; rst_n          ; input_buffer:u_in|ram_addr[2]  ; clk      ;
; N/A   ; None         ; 1.825 ns   ; rst_n          ; input_buffer:u_in|ram_addr[3]  ; clk      ;
+-------+--------------+------------+----------------+--------------------------------+----------+


+------------------------------------------------------------------------------------------------+
; tco                                                                                            ;
+-------+--------------+------------+----------------------------------+------------+------------+
; Slack ; Required tco ; Actual tco ; From                             ; To         ; From Clock ;
+-------+--------------+------------+----------------------------------+------------+------------+
; N/A   ; None         ; 7.924 ns   ; output_buffer:u_out|dout_reg[3]  ; dout[3]    ; clk        ;
; N/A   ; None         ; 7.882 ns   ; input_buffer:u_in|din_ready      ; adc_ready  ; clk        ;
; N/A   ; None         ; 6.649 ns   ; output_buffer:u_out|dout_reg[13] ; dout[13]   ; clk        ;
; N/A   ; None         ; 6.597 ns   ; output_buffer:u_out|dout_reg[10] ; dout[10]   ; clk        ;
; N/A   ; None         ; 6.592 ns   ; output_buffer:u_out|dout_reg[11] ; dout[11]   ; clk        ;
; N/A   ; None         ; 6.456 ns   ; output_buffer:u_out|dout_reg[15] ; dout[15]   ; clk        ;
; N/A   ; None         ; 6.442 ns   ; output_buffer:u_out|dout_reg[5]  ; dout[5]    ; clk        ;
; N/A   ; None         ; 5.614 ns   ; output_buffer:u_out|dout_reg[7]  ; dout[7]    ; clk        ;
; N/A   ; None         ; 5.534 ns   ; output_buffer:u_out|dout_valid   ; dout_valid ; clk        ;
; N/A   ; None         ; 5.534 ns   ; output_buffer:u_out|dout_reg[14] ; dout[14]   ; clk        ;
; N/A   ; None         ; 5.534 ns   ; output_buffer:u_out|dout_reg[12] ; dout[12]   ; clk        ;
; N/A   ; None         ; 5.534 ns   ; output_buffer:u_out|dout_reg[9]  ; dout[9]    ; clk        ;
; N/A   ; None         ; 5.534 ns   ; output_buffer:u_out|dout_reg[8]  ; dout[8]    ; clk        ;
; N/A   ; None         ; 5.534 ns   ; output_buffer:u_out|dout_reg[6]  ; dout[6]    ; clk        ;
; N/A   ; None         ; 5.534 ns   ; output_buffer:u_out|dout_reg[4]  ; dout[4]    ; clk        ;
; N/A   ; None         ; 5.534 ns   ; output_buffer:u_out|dout_reg[2]  ; dout[2]    ; clk        ;
; N/A   ; None         ; 5.534 ns   ; output_buffer:u_out|dout_reg[1]  ; dout[1]    ; clk        ;
; N/A   ; None         ; 5.534 ns   ; output_buffer:u_out|dout_reg[0]  ; dout[0]    ; clk        ;
+-------+--------------+------------+----------------------------------+------------+------------+


+------------------------------------------------------------------------------------------------------+
; th                                                                                                   ;
+---------------+-------------+-----------+----------------+--------------------------------+----------+
; Minimum Slack ; Required th ; Actual th ; From           ; To                             ; To Clock ;
+---------------+-------------+-----------+----------------+--------------------------------+----------+
; N/A           ; None        ; -1.362 ns ; rst_n          ; input_buffer:u_in|ram_addr[2]  ; clk      ;
; N/A           ; None        ; -1.362 ns ; rst_n          ; input_buffer:u_in|ram_addr[3]  ; clk      ;
; N/A           ; None        ; -1.648 ns ; adc_sample[3]  ; input_buffer:u_in|ram_dout[3]  ; clk      ;
; N/A           ; None        ; -1.650 ns ; adc_sample[0]  ; input_buffer:u_in|ram_dout[0]  ; clk      ;
; N/A           ; None        ; -1.653 ns ; adc_sample[5]  ; input_buffer:u_in|ram_dout[5]  ; clk      ;
; N/A           ; None        ; -1.663 ns ; adc_sample[12] ; input_buffer:u_in|ram_dout[12] ; clk      ;
; N/A           ; None        ; -1.664 ns ; adc_sample[2]  ; input_buffer:u_in|ram_dout[2]  ; clk      ;
; N/A           ; None        ; -1.670 ns ; adc_sample[9]  ; input_buffer:u_in|ram_dout[9]  ; clk      ;
; N/A           ; None        ; -1.682 ns ; adc_sample[1]  ; input_buffer:u_in|ram_dout[1]  ; clk      ;
; N/A           ; None        ; -1.683 ns ; adc_sample[10] ; input_buffer:u_in|ram_dout[10] ; clk      ;
; N/A           ; None        ; -2.099 ns ; adc_sample[7]  ; input_buffer:u_in|ram_dout[7]  ; clk      ;
; N/A           ; None        ; -2.102 ns ; adc_sample[11] ; input_buffer:u_in|ram_dout[11] ; clk      ;
; N/A           ; None        ; -2.269 ns ; rst_n          ; input_buffer:u_in|ram_addr[0]  ; clk      ;
; N/A           ; None        ; -2.332 ns ; rst_n          ; input_buffer:u_in|ram_addr[1]  ; clk      ;
; N/A           ; None        ; -2.334 ns ; rst_n          ; input_buffer:u_in|ram_dout[15] ; clk      ;
; N/A           ; None        ; -2.411 ns ; rst_n          ; input_buffer:u_in|ram_dout[14] ; clk      ;
; N/A           ; None        ; -2.412 ns ; rst_n          ; input_buffer:u_in|ram_dout[11] ; clk      ;
; N/A           ; None        ; -2.413 ns ; rst_n          ; input_buffer:u_in|ram_dout[13] ; clk      ;
; N/A           ; None        ; -2.414 ns ; rst_n          ; input_buffer:u_in|ram_dout[4]  ; clk      ;
; N/A           ; None        ; -2.479 ns ; rst_n          ; input_buffer:u_in|ram_dout[6]  ; clk      ;
; N/A           ; None        ; -2.487 ns ; rst_n          ; input_buffer:u_in|ram_dout[8]  ; clk      ;
; N/A           ; None        ; -2.541 ns ; rst_n          ; input_buffer:u_in|ram_dout[3]  ; clk      ;
; N/A           ; None        ; -2.543 ns ; rst_n          ; input_buffer:u_in|ram_dout[0]  ; clk      ;
; N/A           ; None        ; -2.546 ns ; rst_n          ; input_buffer:u_in|ram_dout[5]  ; clk      ;
; N/A           ; None        ; -2.546 ns ; rst_n          ; input_buffer:u_in|ram_dout[12] ; clk      ;
; N/A           ; None        ; -2.560 ns ; adc_sample[6]  ; input_buffer:u_in|ram_dout[6]  ; clk      ;
; N/A           ; None        ; -2.592 ns ; adc_sample[8]  ; input_buffer:u_in|ram_dout[8]  ; clk      ;
; N/A           ; None        ; -2.970 ns ; adc_sample[15] ; input_buffer:u_in|ram_dout[15] ; clk      ;
; N/A           ; None        ; -2.978 ns ; adc_sample[4]  ; input_buffer:u_in|ram_dout[4]  ; clk      ;
; N/A           ; None        ; -3.044 ns ; adc_sample[13] ; input_buffer:u_in|ram_dout[13] ; clk      ;
; N/A           ; None        ; -3.076 ns ; adc_sample[14] ; input_buffer:u_in|ram_dout[14] ; clk      ;
; N/A           ; None        ; -3.131 ns ; adc_valid      ; input_buffer:u_in|start_fft    ; clk      ;
; N/A           ; None        ; -3.144 ns ; adc_valid      ; input_buffer:u_in|ram_we       ; clk      ;
; N/A           ; None        ; -3.332 ns ; rst_n          ; input_buffer:u_in|ram_dout[7]  ; clk      ;
; N/A           ; None        ; -3.382 ns ; rst_n          ; input_buffer:u_in|ram_dout[2]  ; clk      ;
; N/A           ; None        ; -3.553 ns ; adc_valid      ; input_buffer:u_in|st.IDLE      ; clk      ;
; N/A           ; None        ; -3.563 ns ; rst_n          ; input_buffer:u_in|ram_dout[1]  ; clk      ;
; N/A           ; None        ; -3.563 ns ; rst_n          ; input_buffer:u_in|ram_dout[9]  ; clk      ;
; N/A           ; None        ; -3.564 ns ; rst_n          ; input_buffer:u_in|ram_dout[10] ; clk      ;
; N/A           ; None        ; -3.745 ns ; adc_valid      ; input_buffer:u_in|st.WAIT_FFT  ; clk      ;
; N/A           ; None        ; -4.111 ns ; adc_valid      ; input_buffer:u_in|wr_ptr[3]    ; clk      ;
; N/A           ; None        ; -4.111 ns ; adc_valid      ; input_buffer:u_in|wr_ptr[2]    ; clk      ;
; N/A           ; None        ; -4.111 ns ; adc_valid      ; input_buffer:u_in|wr_ptr[1]    ; clk      ;
; N/A           ; None        ; -4.111 ns ; adc_valid      ; input_buffer:u_in|wr_ptr[0]    ; clk      ;
; N/A           ; None        ; -4.210 ns ; adc_valid      ; input_buffer:u_in|din_ready    ; clk      ;
; N/A           ; None        ; -4.385 ns ; adc_valid      ; input_buffer:u_in|ram_addr[2]  ; clk      ;
; N/A           ; None        ; -4.385 ns ; adc_valid      ; input_buffer:u_in|ram_addr[3]  ; clk      ;
; N/A           ; None        ; -5.292 ns ; adc_valid      ; input_buffer:u_in|ram_addr[0]  ; clk      ;
; N/A           ; None        ; -5.355 ns ; adc_valid      ; input_buffer:u_in|ram_addr[1]  ; clk      ;
; N/A           ; None        ; -5.357 ns ; adc_valid      ; input_buffer:u_in|ram_dout[15] ; clk      ;
; N/A           ; None        ; -5.434 ns ; adc_valid      ; input_buffer:u_in|ram_dout[14] ; clk      ;
; N/A           ; None        ; -5.435 ns ; adc_valid      ; input_buffer:u_in|ram_dout[11] ; clk      ;
; N/A           ; None        ; -5.436 ns ; adc_valid      ; input_buffer:u_in|ram_dout[13] ; clk      ;
; N/A           ; None        ; -5.437 ns ; adc_valid      ; input_buffer:u_in|ram_dout[4]  ; clk      ;
; N/A           ; None        ; -5.502 ns ; adc_valid      ; input_buffer:u_in|ram_dout[6]  ; clk      ;
; N/A           ; None        ; -5.510 ns ; adc_valid      ; input_buffer:u_in|ram_dout[8]  ; clk      ;
; N/A           ; None        ; -5.564 ns ; adc_valid      ; input_buffer:u_in|ram_dout[3]  ; clk      ;
; N/A           ; None        ; -5.566 ns ; adc_valid      ; input_buffer:u_in|ram_dout[0]  ; clk      ;
; N/A           ; None        ; -5.569 ns ; adc_valid      ; input_buffer:u_in|ram_dout[5]  ; clk      ;
; N/A           ; None        ; -5.569 ns ; adc_valid      ; input_buffer:u_in|ram_dout[12] ; clk      ;
; N/A           ; None        ; -6.355 ns ; adc_valid      ; input_buffer:u_in|ram_dout[7]  ; clk      ;
; N/A           ; None        ; -6.405 ns ; adc_valid      ; input_buffer:u_in|ram_dout[2]  ; clk      ;
; N/A           ; None        ; -6.586 ns ; adc_valid      ; input_buffer:u_in|ram_dout[1]  ; clk      ;
; N/A           ; None        ; -6.586 ns ; adc_valid      ; input_buffer:u_in|ram_dout[9]  ; clk      ;
; N/A           ; None        ; -6.587 ns ; adc_valid      ; input_buffer:u_in|ram_dout[10] ; clk      ;
+---------------+-------------+-----------+----------------+--------------------------------+----------+


+--------------------------+
; Timing Analyzer Messages ;
+--------------------------+
Info: *******************************************************************
Info: Running Quartus II Classic Timing Analyzer
    Info: Version 9.0 Build 235 06/17/2009 Service Pack 2 SJ Web Edition
    Info: Processing started: Fri Jun 27 20:28:21 2025
Info: Command: quartus_tan --read_settings_files=off --write_settings_files=off SpectAnalyzer -c SpectAnalyzer_top
Info: Started post-fitting delay annotation
Info: Delay annotation completed successfully
Warning: Found pins functioning as undefined clocks and/or memory enables
    Info: Assuming node "clk" is an undefined clock
Info: Clock "clk" has Internal fmax of 31.42 MHz between source register "mag_sqr_fft:u_fft|w_re[14]" and destination register "mag_sqr_fft:u_fft|up_im[15]" (period= 31.823 ns)
    Info: + Longest register to register delay is 31.364 ns
        Info: 1: + IC(0.000 ns) + CELL(0.144 ns) = 0.144 ns; Loc. = LC1_6_D1; Fanout = 97; REG Node = 'mag_sqr_fft:u_fft|w_re[14]'
        Info: 2: + IC(3.151 ns) + CELL(1.002 ns) = 4.297 ns; Loc. = LC5_4_Q1; Fanout = 2; COMB Node = 'mag_sqr_fft:u_fft|lpm_mult:Mult3|mult_6g01:auto_generated|cs1a[3]~COUT'
        Info: 3: + IC(0.000 ns) + CELL(0.647 ns) = 4.944 ns; Loc. = LC6_4_Q1; Fanout = 19; COMB Node = 'mag_sqr_fft:u_fft|lpm_mult:Mult3|mult_6g01:auto_generated|cs1a[4]'
        Info: 4: + IC(2.218 ns) + CELL(0.713 ns) = 7.875 ns; Loc. = LC9_4_U1; Fanout = 2; COMB Node = 'mag_sqr_fft:u_fft|lpm_mult:Mult3|mult_6g01:auto_generated|le8a[4]'
        Info: 5: + IC(1.052 ns) + CELL(1.002 ns) = 9.929 ns; Loc. = LC8_3_U1; Fanout = 2; COMB Node = 'mag_sqr_fft:u_fft|lpm_mult:Mult3|mult_6g01:auto_generated|add27_result[4]~31'
        Info: 6: + IC(0.000 ns) + CELL(0.115 ns) = 10.044 ns; Loc. = LC9_3_U1; Fanout = 2; COMB Node = 'mag_sqr_fft:u_fft|lpm_mult:Mult3|mult_6g01:auto_generated|add27_result[5]~28'
        Info: 7: + IC(0.000 ns) + CELL(0.115 ns) = 10.159 ns; Loc. = LC10_3_U1; Fanout = 2; COMB Node = 'mag_sqr_fft:u_fft|lpm_mult:Mult3|mult_6g01:auto_generated|add27_result[6]~25'
        Info: 8: + IC(0.434 ns) + CELL(0.115 ns) = 10.708 ns; Loc. = LC1_5_U1; Fanout = 2; COMB Node = 'mag_sqr_fft:u_fft|lpm_mult:Mult3|mult_6g01:auto_generated|add27_result[7]~1'
        Info: 9: + IC(0.000 ns) + CELL(0.115 ns) = 10.823 ns; Loc. = LC2_5_U1; Fanout = 2; COMB Node = 'mag_sqr_fft:u_fft|lpm_mult:Mult3|mult_6g01:auto_generated|add27_result[8]~4'
        Info: 10: + IC(0.000 ns) + CELL(0.115 ns) = 10.938 ns; Loc. = LC3_5_U1; Fanout = 2; COMB Node = 'mag_sqr_fft:u_fft|lpm_mult:Mult3|mult_6g01:auto_generated|add27_result[9]~7'
        Info: 11: + IC(0.000 ns) + CELL(0.115 ns) = 11.053 ns; Loc. = LC4_5_U1; Fanout = 2; COMB Node = 'mag_sqr_fft:u_fft|lpm_mult:Mult3|mult_6g01:auto_generated|add27_result[10]~10'
        Info: 12: + IC(0.000 ns) + CELL(0.115 ns) = 11.168 ns; Loc. = LC5_5_U1; Fanout = 2; COMB Node = 'mag_sqr_fft:u_fft|lpm_mult:Mult3|mult_6g01:auto_generated|add27_result[11]~13'
        Info: 13: + IC(0.000 ns) + CELL(0.647 ns) = 11.815 ns; Loc. = LC6_5_U1; Fanout = 2; COMB Node = 'mag_sqr_fft:u_fft|lpm_mult:Mult3|mult_6g01:auto_generated|add27_result[12]~15'
        Info: 14: + IC(1.285 ns) + CELL(0.599 ns) = 13.699 ns; Loc. = LC10_12_U1; Fanout = 2; COMB Node = 'mag_sqr_fft:u_fft|lpm_mult:Mult3|mult_6g01:auto_generated|add19_result[16]~16'
        Info: 15: + IC(0.434 ns) + CELL(0.647 ns) = 14.780 ns; Loc. = LC1_14_U1; Fanout = 2; COMB Node = 'mag_sqr_fft:u_fft|lpm_mult:Mult3|mult_6g01:auto_generated|add19_result[17]~18'
        Info: 16: + IC(2.208 ns) + CELL(1.002 ns) = 17.990 ns; Loc. = LC6_11_O1; Fanout = 2; COMB Node = 'mag_sqr_fft:u_fft|lpm_mult:Mult3|mult_6g01:auto_generated|add11_result[21]~25'
        Info: 17: + IC(0.000 ns) + CELL(0.115 ns) = 18.105 ns; Loc. = LC7_11_O1; Fanout = 2; COMB Node = 'mag_sqr_fft:u_fft|lpm_mult:Mult3|mult_6g01:auto_generated|add11_result[22]~28'
        Info: 18: + IC(0.000 ns) + CELL(0.115 ns) = 18.220 ns; Loc. = LC8_11_O1; Fanout = 2; COMB Node = 'mag_sqr_fft:u_fft|lpm_mult:Mult3|mult_6g01:auto_generated|add11_result[23]~31'
        Info: 19: + IC(0.000 ns) + CELL(0.115 ns) = 18.335 ns; Loc. = LC9_11_O1; Fanout = 2; COMB Node = 'mag_sqr_fft:u_fft|lpm_mult:Mult3|mult_6g01:auto_generated|add11_result[24]~34'
        Info: 20: + IC(0.000 ns) + CELL(0.115 ns) = 18.450 ns; Loc. = LC10_11_O1; Fanout = 2; COMB Node = 'mag_sqr_fft:u_fft|lpm_mult:Mult3|mult_6g01:auto_generated|add11_result[25]~37'
        Info: 21: + IC(0.434 ns) + CELL(0.115 ns) = 18.999 ns; Loc. = LC1_13_O1; Fanout = 2; COMB Node = 'mag_sqr_fft:u_fft|lpm_mult:Mult3|mult_6g01:auto_generated|add11_result[26]~40'
        Info: 22: + IC(0.000 ns) + CELL(0.115 ns) = 19.114 ns; Loc. = LC2_13_O1; Fanout = 2; COMB Node = 'mag_sqr_fft:u_fft|lpm_mult:Mult3|mult_6g01:auto_generated|add11_result[27]~43'
        Info: 23: + IC(0.000 ns) + CELL(0.115 ns) = 19.229 ns; Loc. = LC3_13_O1; Fanout = 2; COMB Node = 'mag_sqr_fft:u_fft|lpm_mult:Mult3|mult_6g01:auto_generated|add11_result[28]~46'
        Info: 24: + IC(0.000 ns) + CELL(0.115 ns) = 19.344 ns; Loc. = LC4_13_O1; Fanout = 2; COMB Node = 'mag_sqr_fft:u_fft|lpm_mult:Mult3|mult_6g01:auto_generated|add11_result[29]~49'
        Info: 25: + IC(0.000 ns) + CELL(0.647 ns) = 19.991 ns; Loc. = LC5_13_O1; Fanout = 15; COMB Node = 'mag_sqr_fft:u_fft|lpm_mult:Mult3|mult_6g01:auto_generated|add11_result[30]~0'
        Info: 26: + IC(1.114 ns) + CELL(0.713 ns) = 21.818 ns; Loc. = LC3_15_O1; Fanout = 2; COMB Node = 'mag_sqr_fft:u_fft|r~86'
        Info: 27: + IC(3.199 ns) + CELL(1.002 ns) = 26.019 ns; Loc. = LC5_10_N2; Fanout = 2; COMB Node = 'mag_sqr_fft:u_fft|Add6~7'
        Info: 28: + IC(0.000 ns) + CELL(0.115 ns) = 26.134 ns; Loc. = LC6_10_N2; Fanout = 2; COMB Node = 'mag_sqr_fft:u_fft|Add6~10'
        Info: 29: + IC(0.000 ns) + CELL(0.115 ns) = 26.249 ns; Loc. = LC7_10_N2; Fanout = 2; COMB Node = 'mag_sqr_fft:u_fft|Add6~13'
        Info: 30: + IC(0.000 ns) + CELL(0.115 ns) = 26.364 ns; Loc. = LC8_10_N2; Fanout = 2; COMB Node = 'mag_sqr_fft:u_fft|Add6~16'
        Info: 31: + IC(0.000 ns) + CELL(0.115 ns) = 26.479 ns; Loc. = LC9_10_N2; Fanout = 2; COMB Node = 'mag_sqr_fft:u_fft|Add6~19'
        Info: 32: + IC(0.000 ns) + CELL(0.115 ns) = 26.594 ns; Loc. = LC10_10_N2; Fanout = 2; COMB Node = 'mag_sqr_fft:u_fft|Add6~22'
        Info: 33: + IC(0.434 ns) + CELL(0.115 ns) = 27.143 ns; Loc. = LC1_12_N2; Fanout = 2; COMB Node = 'mag_sqr_fft:u_fft|Add6~25'
        Info: 34: + IC(0.000 ns) + CELL(0.115 ns) = 27.258 ns; Loc. = LC2_12_N2; Fanout = 2; COMB Node = 'mag_sqr_fft:u_fft|Add6~28'
        Info: 35: + IC(0.000 ns) + CELL(0.115 ns) = 27.373 ns; Loc. = LC3_12_N2; Fanout = 2; COMB Node = 'mag_sqr_fft:u_fft|Add6~31'
        Info: 36: + IC(0.000 ns) + CELL(0.115 ns) = 27.488 ns; Loc. = LC4_12_N2; Fanout = 2; COMB Node = 'mag_sqr_fft:u_fft|Add6~34'
        Info: 37: + IC(0.000 ns) + CELL(0.115 ns) = 27.603 ns; Loc. = LC5_12_N2; Fanout = 2; COMB Node = 'mag_sqr_fft:u_fft|Add6~37'
        Info: 38: + IC(0.000 ns) + CELL(0.115 ns) = 27.718 ns; Loc. = LC6_12_N2; Fanout = 2; COMB Node = 'mag_sqr_fft:u_fft|Add6~40'
        Info: 39: + IC(0.000 ns) + CELL(0.115 ns) = 27.833 ns; Loc. = LC7_12_N2; Fanout = 1; COMB Node = 'mag_sqr_fft:u_fft|Add6~43'
        Info: 40: + IC(0.000 ns) + CELL(0.647 ns) = 28.480 ns; Loc. = LC8_12_N2; Fanout = 1; COMB Node = 'mag_sqr_fft:u_fft|Add6~45'
        Info: 41: + IC(2.195 ns) + CELL(0.320 ns) = 30.995 ns; Loc. = LC6_11_T2; Fanout = 1; COMB Node = 'mag_sqr_fft:u_fft|Selector95~6'
        Info: 42: + IC(0.282 ns) + CELL(0.087 ns) = 31.364 ns; Loc. = LC8_11_T2; Fanout = 4; REG Node = 'mag_sqr_fft:u_fft|up_im[15]'
        Info: Total cell delay = 12.924 ns ( 41.21 % )
        Info: Total interconnect delay = 18.440 ns ( 58.79 % )
    Info: - Smallest clock skew is 0.000 ns
        Info: + Shortest clock path from clock "clk" to destination register is 2.427 ns
            Info: 1: + IC(0.000 ns) + CELL(1.290 ns) = 1.290 ns; Loc. = PIN_R6; Fanout = 372; CLK Node = 'clk'
            Info: 2: + IC(1.137 ns) + CELL(0.000 ns) = 2.427 ns; Loc. = LC8_11_T2; Fanout = 4; REG Node = 'mag_sqr_fft:u_fft|up_im[15]'
            Info: Total cell delay = 1.290 ns ( 53.15 % )
            Info: Total interconnect delay = 1.137 ns ( 46.85 % )
        Info: - Longest clock path from clock "clk" to source register is 2.427 ns
            Info: 1: + IC(0.000 ns) + CELL(1.290 ns) = 1.290 ns; Loc. = PIN_R6; Fanout = 372; CLK Node = 'clk'
            Info: 2: + IC(1.137 ns) + CELL(0.000 ns) = 2.427 ns; Loc. = LC1_6_D1; Fanout = 97; REG Node = 'mag_sqr_fft:u_fft|w_re[14]'
            Info: Total cell delay = 1.290 ns ( 53.15 % )
            Info: Total interconnect delay = 1.137 ns ( 46.85 % )
    Info: + Micro clock to output delay of source is 0.299 ns
    Info: + Micro setup delay of destination is 0.160 ns
Info: tsu for register "input_buffer:u_in|ram_dout[10]" (data pin = "adc_valid", clock pin = "clk") is 7.050 ns
    Info: + Longest pin to register delay is 9.317 ns
        Info: 1: + IC(0.000 ns) + CELL(1.640 ns) = 1.640 ns; Loc. = PIN_N17; Fanout = 7; PIN Node = 'adc_valid'
        Info: 2: + IC(3.964 ns) + CELL(0.796 ns) = 6.400 ns; Loc. = LC4_13_Y2; Fanout = 20; COMB Node = 'input_buffer:u_in|ram_dout[0]~16'
        Info: 3: + IC(2.463 ns) + CELL(0.454 ns) = 9.317 ns; Loc. = LC6_1_S2; Fanout = 1; REG Node = 'input_buffer:u_in|ram_dout[10]'
        Info: Total cell delay = 2.890 ns ( 31.02 % )
        Info: Total interconnect delay = 6.427 ns ( 68.98 % )
    Info: + Micro setup delay of destination is 0.160 ns
    Info: - Shortest clock path from clock "clk" to destination register is 2.427 ns
        Info: 1: + IC(0.000 ns) + CELL(1.290 ns) = 1.290 ns; Loc. = PIN_R6; Fanout = 372; CLK Node = 'clk'
        Info: 2: + IC(1.137 ns) + CELL(0.000 ns) = 2.427 ns; Loc. = LC6_1_S2; Fanout = 1; REG Node = 'input_buffer:u_in|ram_dout[10]'
        Info: Total cell delay = 1.290 ns ( 53.15 % )
        Info: Total interconnect delay = 1.137 ns ( 46.85 % )
Info: tco from clock "clk" to destination pin "dout[3]" through register "output_buffer:u_out|dout_reg[3]" is 7.924 ns
    Info: + Longest clock path from clock "clk" to source register is 2.427 ns
        Info: 1: + IC(0.000 ns) + CELL(1.290 ns) = 1.290 ns; Loc. = PIN_R6; Fanout = 372; CLK Node = 'clk'
        Info: 2: + IC(1.137 ns) + CELL(0.000 ns) = 2.427 ns; Loc. = LC6_11_Y2; Fanout = 1; REG Node = 'output_buffer:u_out|dout_reg[3]'
        Info: Total cell delay = 1.290 ns ( 53.15 % )
        Info: Total interconnect delay = 1.137 ns ( 46.85 % )
    Info: + Micro clock to output delay of source is 0.299 ns
    Info: + Longest register to pin delay is 5.198 ns
        Info: 1: + IC(0.000 ns) + CELL(0.144 ns) = 0.144 ns; Loc. = LC6_11_Y2; Fanout = 1; REG Node = 'output_buffer:u_out|dout_reg[3]'
        Info: 2: + IC(2.644 ns) + CELL(2.410 ns) = 5.198 ns; Loc. = PIN_AA5; Fanout = 0; PIN Node = 'dout[3]'
        Info: Total cell delay = 2.554 ns ( 49.13 % )
        Info: Total interconnect delay = 2.644 ns ( 50.87 % )
Info: th for register "input_buffer:u_in|ram_addr[2]" (data pin = "rst_n", clock pin = "clk") is -1.362 ns
    Info: + Longest clock path from clock "clk" to destination register is 2.427 ns
        Info: 1: + IC(0.000 ns) + CELL(1.290 ns) = 1.290 ns; Loc. = PIN_R6; Fanout = 372; CLK Node = 'clk'
        Info: 2: + IC(1.137 ns) + CELL(0.000 ns) = 2.427 ns; Loc. = LC5_12_Y2; Fanout = 1; REG Node = 'input_buffer:u_in|ram_addr[2]'
        Info: Total cell delay = 1.290 ns ( 53.15 % )
        Info: Total interconnect delay = 1.137 ns ( 46.85 % )
    Info: + Micro hold delay of destination is 0.303 ns
    Info: - Shortest pin to register delay is 4.092 ns
        Info: 1: + IC(0.000 ns) + CELL(1.360 ns) = 1.360 ns; Loc. = PIN_H14; Fanout = 241; PIN Node = 'rst_n'
        Info: 2: + IC(1.304 ns) + CELL(0.713 ns) = 3.377 ns; Loc. = LC4_13_Y2; Fanout = 20; COMB Node = 'input_buffer:u_in|ram_dout[0]~16'
        Info: 3: + IC(0.261 ns) + CELL(0.454 ns) = 4.092 ns; Loc. = LC5_12_Y2; Fanout = 1; REG Node = 'input_buffer:u_in|ram_addr[2]'
        Info: Total cell delay = 2.527 ns ( 61.75 % )
        Info: Total interconnect delay = 1.565 ns ( 38.25 % )
Info: Quartus II Classic Timing Analyzer was successful. 0 errors, 1 warning
    Info: Peak virtual memory: 231 megabytes
    Info: Processing ended: Fri Jun 27 20:28:22 2025
    Info: Elapsed time: 00:00:01
    Info: Total CPU time (on all processors): 00:00:00


