--------------------------------------------------------------------------------------
Timing Analyzer Summary
--------------------------------------------------------------------------------------

Type           : Worst-case tsu
Slack          : N/A
Required Time  : None
Actual Time    : 7.640 ns
From           : adc_valid
To             : input_buffer:u_in|ram_dout[0]
From Clock     : --
To Clock       : clk
Failed Paths   : 0

Type           : Worst-case tco
Slack          : N/A
Required Time  : None
Actual Time    : 8.406 ns
From           : ram_sp:ram_inst|altdpram:mem_rtl_0|segment[0][12]
To             : dout[12]
From Clock     : clk
To Clock       : --
Failed Paths   : 0

Type           : Worst-case th
Slack          : N/A
Required Time  : None
Actual Time    : -0.367 ns
From           : rst_n
To             : mag_sqr_fft:u_fft|up_im[12]
From Clock     : --
To Clock       : clk
Failed Paths   : 0

Type           : Clock Setup: 'clk'
Slack          : N/A
Required Time  : None
Actual Time    : 34.07 MHz ( period = 29.348 ns )
From           : mag_sqr_fft:u_fft|w_re[14]
To             : mag_sqr_fft:u_fft|up_im[15]
From Clock     : clk
To Clock       : clk
Failed Paths   : 0

Type           : Total number of failed paths
Slack          : 
Required Time  : 
Actual Time    : 
From           : 
To             : 
From Clock     : 
To Clock       : 
Failed Paths   : 0

--------------------------------------------------------------------------------------

